2026-06-17 22:50:07 [background-preinit] INFO  o.h.validator.internal.util.Version - HV000001: Hibernate Validator 9.0.1.Final
2026-06-17 22:50:07 [restartedMain] INFO  c.d.c.B.BudgetServiceApplication - Starting BudgetServiceApplication using Java 21.0.10 with PID 29480 (C:\Users\Safagod\Downloads\eee\Cash-In-master\Budget_Service\target\classes started by Safagod in C:\Users\Safagod\Downloads\eee\Cash-In-master\Budget_Service)
2026-06-17 22:50:07 [restartedMain] INFO  c.d.c.B.BudgetServiceApplication - No active profile set, falling back to 1 default profile: "default"
2026-06-17 22:50:07 [restartedMain] INFO  o.s.b.d.e.DevToolsPropertyDefaultsPostProcessor - Devtools property defaults active! Set 'spring.devtools.add-properties' to 'false' to disable
2026-06-17 22:50:07 [restartedMain] INFO  o.s.b.d.e.DevToolsPropertyDefaultsPostProcessor - For additional web related logging consider setting the 'logging.level.web' property to 'DEBUG'
2026-06-17 22:50:08 [restartedMain] INFO  o.s.d.r.c.RepositoryConfigurationDelegate - Bootstrapping Spring Data JPA repositories in DEFAULT mode.
2026-06-17 22:50:08 [restartedMain] INFO  o.s.d.r.c.RepositoryConfigurationDelegate - Finished Spring Data repository scanning in 122 ms. Found 1 JPA repository interface.
2026-06-17 22:50:09 [restartedMain] INFO  o.s.boot.tomcat.TomcatWebServer - Tomcat initialized with port 8084 (http)
2026-06-17 22:50:09 [restartedMain] INFO  o.a.coyote.http11.Http11NioProtocol - Initializing ProtocolHandler ["http-nio-8084"]
2026-06-17 22:50:09 [restartedMain] INFO  o.a.catalina.core.StandardService - Starting service [Tomcat]
2026-06-17 22:50:09 [restartedMain] INFO  o.a.catalina.core.StandardEngine - Starting Servlet engine: [Apache Tomcat/11.0.21]
2026-06-17 22:50:09 [restartedMain] INFO  o.s.b.w.c.s.WebApplicationContextInitializer - Root WebApplicationContext: initialization completed in 1488 ms
2026-06-17 22:50:09 [restartedMain] INFO  org.hibernate.orm.jpa - HHH008540: Processing PersistenceUnitInfo [name: default]
2026-06-17 22:50:09 [restartedMain] INFO  org.hibernate.orm.core - HHH000001: Hibernate ORM core version 7.2.12.Final
2026-06-17 22:50:10 [restartedMain] INFO  o.s.o.j.p.SpringPersistenceUnitInfo - No LoadTimeWeaver setup: ignoring JPA class transformer
2026-06-17 22:50:10 [restartedMain] INFO  com.zaxxer.hikari.HikariDataSource - HikariPool-1 - Starting...
2026-06-17 22:50:10 [restartedMain] INFO  com.zaxxer.hikari.pool.HikariPool - HikariPool-1 - Added connection com.mysql.cj.jdbc.ConnectionImpl@2a089355
2026-06-17 22:50:10 [restartedMain] INFO  com.zaxxer.hikari.HikariDataSource - HikariPool-1 - Start completed.
2026-06-17 22:50:10 [restartedMain] WARN  org.hibernate.orm.deprecation - HHH90000025: MySQLDialect does not need to be specified explicitly using 'hibernate.dialect' (remove the property setting and it will be selected by default)
2026-06-17 22:50:10 [restartedMain] INFO  o.hibernate.orm.connections.pooling - HHH10001005: Database info:
	Database JDBC URL [jdbc:mysql://localhost:3306/db_budgets]
	Database driver: MySQL Connector/J
	Database dialect: MySQLDialect
	Database version: 8.0.46
	Default catalog/schema: db_budgets/undefined
	Autocommit mode: undefined/unknown
	Isolation level: REPEATABLE_READ [default REPEATABLE_READ]
	JDBC fetch size: none
	Pool: DataSourceConnectionProvider
	Minimum pool size: undefined/unknown
	Maximum pool size: undefined/unknown
2026-06-17 22:50:11 [restartedMain] INFO  org.hibernate.orm.core - HHH000489: No JTA platform available (set 'hibernate.transaction.jta.platform' to enable JTA platform integration)
2026-06-17 22:50:11 [restartedMain] INFO  o.s.o.j.LocalContainerEntityManagerFactoryBean - Initialized JPA EntityManagerFactory for persistence unit 'default'
2026-06-17 22:50:11 [restartedMain] INFO  o.s.d.j.r.q.QueryEnhancerFactories - Hibernate is in classpath; If applicable, HQL parser will be used.
2026-06-17 22:50:11 [restartedMain] WARN  o.s.b.j.a.JpaBaseConfiguration$JpaWebConfiguration - spring.jpa.open-in-view is enabled by default. Therefore, database queries may be performed during view rendering. Explicitly configure spring.jpa.open-in-view to disable this warning
2026-06-17 22:50:12 [restartedMain] INFO  o.a.coyote.http11.Http11NioProtocol - Starting ProtocolHandler ["http-nio-8084"]
2026-06-17 22:50:12 [restartedMain] INFO  o.s.boot.tomcat.TomcatWebServer - Tomcat started on port 8084 (http) with context path '/'
2026-06-17 22:50:12 [restartedMain] INFO  c.d.c.B.BudgetServiceApplication - Started BudgetServiceApplication in 4.836 seconds (process running for 5.458)
2026-06-17 23:03:17 [http-nio-8084-exec-2] INFO  o.a.c.c.C.[Tomcat].[localhost].[/] - Initializing Spring DispatcherServlet 'dispatcherServlet'
2026-06-17 23:03:17 [http-nio-8084-exec-2] INFO  o.s.web.servlet.DispatcherServlet - Initializing Servlet 'dispatcherServlet'
2026-06-17 23:03:17 [http-nio-8084-exec-2] INFO  o.s.web.servlet.DispatcherServlet - Completed initialization in 28 ms
2026-06-17 23:03:18 [http-nio-8084-exec-2] WARN  c.d.c.B.E.GlobalExceptionHandler - Error de validación: [Field error in object 'budgetRequest' on field 'fechaInicio': rejected value [null]; codes [NotNull.budgetRequest.fechaInicio,NotNull.fechaInicio,NotNull.java.time.LocalDate,NotNull]; arguments [org.springframework.context.support.DefaultMessageSourceResolvable: codes [budgetRequest.fechaInicio,fechaInicio]; arguments []; default message [fechaInicio]]; default message [LA FECHA DE INICIO ES OBLIGATORIA]]
2026-06-17 23:03:18 [http-nio-8084-exec-2] WARN  o.s.w.s.m.m.a.ExceptionHandlerExceptionResolver - Resolved [org.springframework.web.bind.MethodArgumentNotValidException: Validation failed for argument [0] in public org.springframework.http.ResponseEntity<cl.duoc.cashin.BudgetService.dto.Response.BudgetResponse> cl.duoc.cashin.BudgetService.Controller.BudgetController.crear(cl.duoc.cashin.BudgetService.dto.Request.BudgetRequest): [Field error in object 'budgetRequest' on field 'fechaInicio': rejected value [null]; codes [NotNull.budgetRequest.fechaInicio,NotNull.fechaInicio,NotNull.java.time.LocalDate,NotNull]; arguments [org.springframework.context.support.DefaultMessageSourceResolvable: codes [budgetRequest.fechaInicio,fechaInicio]; arguments []; default message [fechaInicio]]; default message [LA FECHA DE INICIO ES OBLIGATORIA]] ]
2026-06-17 23:03:41 [http-nio-8084-exec-4] INFO  c.d.c.B.Service.BudgetService - Creando presupuesto para userId: 1 con periodo: MENSUAL
2026-06-17 23:03:42 [http-nio-8084-exec-4] INFO  c.d.c.B.Service.BudgetService - Presupuesto creado con id: 2
