2026-06-17 22:51:40 [background-preinit] INFO  o.h.validator.internal.util.Version - HV000001: Hibernate Validator 9.0.1.Final
2026-06-17 22:51:40 [restartedMain] INFO  c.d.c.I.IncomeServiceApplication - Starting IncomeServiceApplication using Java 21.0.10 with PID 26260 (C:\Users\Safagod\Downloads\eee\Cash-In-master\Income_Service\target\classes started by Safagod in C:\Users\Safagod\Downloads\eee\Cash-In-master\Income_Service)
2026-06-17 22:51:40 [restartedMain] INFO  c.d.c.I.IncomeServiceApplication - No active profile set, falling back to 1 default profile: "default"
2026-06-17 22:51:40 [restartedMain] INFO  o.s.b.d.e.DevToolsPropertyDefaultsPostProcessor - Devtools property defaults active! Set 'spring.devtools.add-properties' to 'false' to disable
2026-06-17 22:51:40 [restartedMain] INFO  o.s.b.d.e.DevToolsPropertyDefaultsPostProcessor - For additional web related logging consider setting the 'logging.level.web' property to 'DEBUG'
2026-06-17 22:51:41 [restartedMain] INFO  o.s.d.r.c.RepositoryConfigurationDelegate - Bootstrapping Spring Data JPA repositories in DEFAULT mode.
2026-06-17 22:51:41 [restartedMain] INFO  o.s.d.r.c.RepositoryConfigurationDelegate - Finished Spring Data repository scanning in 151 ms. Found 1 JPA repository interface.
2026-06-17 22:51:42 [restartedMain] INFO  o.s.boot.tomcat.TomcatWebServer - Tomcat initialized with port 8083 (http)
2026-06-17 22:51:42 [restartedMain] INFO  o.a.coyote.http11.Http11NioProtocol - Initializing ProtocolHandler ["http-nio-8083"]
2026-06-17 22:51:42 [restartedMain] INFO  o.a.catalina.core.StandardService - Starting service [Tomcat]
2026-06-17 22:51:42 [restartedMain] INFO  o.a.catalina.core.StandardEngine - Starting Servlet engine: [Apache Tomcat/11.0.21]
2026-06-17 22:51:42 [restartedMain] INFO  o.s.b.w.c.s.WebApplicationContextInitializer - Root WebApplicationContext: initialization completed in 1744 ms
2026-06-17 22:51:42 [restartedMain] INFO  org.hibernate.orm.jpa - HHH008540: Processing PersistenceUnitInfo [name: default]
2026-06-17 22:51:42 [restartedMain] INFO  org.hibernate.orm.core - HHH000001: Hibernate ORM core version 7.2.12.Final
2026-06-17 22:51:43 [restartedMain] INFO  o.s.o.j.p.SpringPersistenceUnitInfo - No LoadTimeWeaver setup: ignoring JPA class transformer
2026-06-17 22:51:43 [restartedMain] INFO  com.zaxxer.hikari.HikariDataSource - HikariPool-1 - Starting...
2026-06-17 22:51:43 [restartedMain] INFO  com.zaxxer.hikari.pool.HikariPool - HikariPool-1 - Added connection com.mysql.cj.jdbc.ConnectionImpl@2e787126
2026-06-17 22:51:43 [restartedMain] INFO  com.zaxxer.hikari.HikariDataSource - HikariPool-1 - Start completed.
2026-06-17 22:51:43 [restartedMain] WARN  org.hibernate.orm.deprecation - HHH90000025: MySQLDialect does not need to be specified explicitly using 'hibernate.dialect' (remove the property setting and it will be selected by default)
2026-06-17 22:51:43 [restartedMain] INFO  o.hibernate.orm.connections.pooling - HHH10001005: Database info:
	Database JDBC URL [jdbc:mysql://localhost:3306/db_incomes]
	Database driver: MySQL Connector/J
	Database dialect: MySQLDialect
	Database version: 8.0.46
	Default catalog/schema: db_incomes/undefined
	Autocommit mode: undefined/unknown
	Isolation level: REPEATABLE_READ [default REPEATABLE_READ]
	JDBC fetch size: none
	Pool: DataSourceConnectionProvider
	Minimum pool size: undefined/unknown
	Maximum pool size: undefined/unknown
2026-06-17 22:51:44 [restartedMain] INFO  org.hibernate.orm.core - HHH000489: No JTA platform available (set 'hibernate.transaction.jta.platform' to enable JTA platform integration)
2026-06-17 22:51:44 [restartedMain] INFO  o.s.o.j.LocalContainerEntityManagerFactoryBean - Initialized JPA EntityManagerFactory for persistence unit 'default'
2026-06-17 22:51:44 [restartedMain] INFO  o.s.d.j.r.q.QueryEnhancerFactories - Hibernate is in classpath; If applicable, HQL parser will be used.
2026-06-17 22:51:45 [restartedMain] WARN  o.s.b.j.a.JpaBaseConfiguration$JpaWebConfiguration - spring.jpa.open-in-view is enabled by default. Therefore, database queries may be performed during view rendering. Explicitly configure spring.jpa.open-in-view to disable this warning
2026-06-17 22:51:45 [restartedMain] INFO  o.a.coyote.http11.Http11NioProtocol - Starting ProtocolHandler ["http-nio-8083"]
2026-06-17 22:51:45 [restartedMain] INFO  o.s.boot.tomcat.TomcatWebServer - Tomcat started on port 8083 (http) with context path '/'
2026-06-17 22:51:45 [restartedMain] INFO  c.d.c.I.IncomeServiceApplication - Started IncomeServiceApplication in 5.799 seconds (process running for 6.321)
2026-06-17 23:02:25 [http-nio-8083-exec-1] INFO  o.a.c.c.C.[Tomcat].[localhost].[/] - Initializing Spring DispatcherServlet 'dispatcherServlet'
2026-06-17 23:02:25 [http-nio-8083-exec-1] INFO  o.s.web.servlet.DispatcherServlet - Initializing Servlet 'dispatcherServlet'
2026-06-17 23:02:25 [http-nio-8083-exec-1] INFO  o.s.web.servlet.DispatcherServlet - Completed initialization in 4 ms
2026-06-17 23:02:25 [http-nio-8083-exec-1] WARN  c.d.c.I.E.GlobalExceptionHandler - Error de validación: [Field error in object 'incomeRequest' on field 'recurrente': rejected value [null]; codes [NotNull.incomeRequest.recurrente,NotNull.recurrente,NotNull.java.lang.Boolean,NotNull]; arguments [org.springframework.context.support.DefaultMessageSourceResolvable: codes [incomeRequest.recurrente,recurrente]; arguments []; default message [recurrente]]; default message [INDICAR SI EL INGRESO ES RECURRENTE], Field error in object 'incomeRequest' on field 'categoria': rejected value [Salario]; codes [Pattern.incomeRequest.categoria,Pattern.categoria,Pattern.java.lang.String,Pattern]; arguments [org.springframework.context.support.DefaultMessageSourceResolvable: codes [incomeRequest.categoria,categoria]; arguments []; default message [categoria],[Ljakarta.validation.constraints.Pattern$Flag;@861d2c4,^(SALARIO|FREELANCE|ARRIENDO|OTRO)$]; default message [LA CATEGORIA DEBE SER SALARIO, FREELANCE, ARRIENDO u OTRO]]
2026-06-17 23:02:25 [http-nio-8083-exec-1] WARN  o.s.w.s.m.m.a.ExceptionHandlerExceptionResolver - Resolved [org.springframework.web.bind.MethodArgumentNotValidException: Validation failed for argument [1] in public org.springframework.http.ResponseEntity<cl.duoc.cashin.IncomeService.dto.Response.IncomeResponse> cl.duoc.cashin.IncomeService.Controller.IncomeController.crear(java.lang.String,cl.duoc.cashin.IncomeService.dto.Request.IncomeRequest) with 2 errors: [Field error in object 'incomeRequest' on field 'recurrente': rejected value [null]; codes [NotNull.incomeRequest.recurrente,NotNull.recurrente,NotNull.java.lang.Boolean,NotNull]; arguments [org.springframework.context.support.DefaultMessageSourceResolvable: codes [incomeRequest.recurrente,recurrente]; arguments []; default message [recurrente]]; default message [INDICAR SI EL INGRESO ES RECURRENTE]] [Field error in object 'incomeRequest' on field 'categoria': rejected value [Salario]; codes [Pattern.incomeRequest.categoria,Pattern.categoria,Pattern.java.lang.String,Pattern]; arguments [org.springframework.context.support.DefaultMessageSourceResolvable: codes [incomeRequest.categoria,categoria]; arguments []; default message [categoria],[Ljakarta.validation.constraints.Pattern$Flag;@861d2c4,^(SALARIO|FREELANCE|ARRIENDO|OTRO)$]; default message [LA CATEGORIA DEBE SER SALARIO, FREELANCE, ARRIENDO u OTRO]] ]
2026-06-17 23:02:56 [http-nio-8083-exec-4] INFO  c.d.c.I.Service.IncomeService - Creando ingreso para userId: 1 categoria: FREELANCE
2026-06-17 23:02:56 [http-nio-8083-exec-4] INFO  c.d.c.I.Service.IncomeService - Usuario id: 1 validado en user-service
2026-06-17 23:02:57 [http-nio-8083-exec-4] INFO  c.d.c.I.Service.IncomeService - Ingreso creado con id: 2
2026-06-17 23:05:16 [http-nio-8083-exec-6] INFO  c.d.c.I.Service.IncomeService - Calculando total de ingresos para userId: 1
