2026-06-17 22:49:28 [background-preinit] INFO  o.h.validator.internal.util.Version - HV000001: Hibernate Validator 9.0.1.Final
2026-06-17 22:49:28 [restartedMain] INFO  c.d.c.A.AnalyticsServiceApplication - Starting AnalyticsServiceApplication using Java 21.0.10 with PID 1828 (C:\Users\Safagod\Downloads\eee\Cash-In-master\Analytics_Service\target\classes started by Safagod in C:\Users\Safagod\Downloads\eee\Cash-In-master\Analytics_Service)
2026-06-17 22:49:28 [restartedMain] INFO  c.d.c.A.AnalyticsServiceApplication - No active profile set, falling back to 1 default profile: "default"
2026-06-17 22:49:28 [restartedMain] INFO  o.s.b.d.e.DevToolsPropertyDefaultsPostProcessor - Devtools property defaults active! Set 'spring.devtools.add-properties' to 'false' to disable
2026-06-17 22:49:28 [restartedMain] INFO  o.s.b.d.e.DevToolsPropertyDefaultsPostProcessor - For additional web related logging consider setting the 'logging.level.web' property to 'DEBUG'
2026-06-17 22:49:29 [restartedMain] INFO  o.s.d.r.c.RepositoryConfigurationDelegate - Bootstrapping Spring Data JPA repositories in DEFAULT mode.
2026-06-17 22:49:29 [restartedMain] INFO  o.s.d.r.c.RepositoryConfigurationDelegate - Finished Spring Data repository scanning in 147 ms. Found 1 JPA repository interface.
2026-06-17 22:49:30 [restartedMain] INFO  o.s.boot.tomcat.TomcatWebServer - Tomcat initialized with port 8086 (http)
2026-06-17 22:49:30 [restartedMain] INFO  o.a.coyote.http11.Http11NioProtocol - Initializing ProtocolHandler ["http-nio-8086"]
2026-06-17 22:49:30 [restartedMain] INFO  o.a.catalina.core.StandardService - Starting service [Tomcat]
2026-06-17 22:49:30 [restartedMain] INFO  o.a.catalina.core.StandardEngine - Starting Servlet engine: [Apache Tomcat/11.0.21]
2026-06-17 22:49:30 [restartedMain] INFO  o.s.b.w.c.s.WebApplicationContextInitializer - Root WebApplicationContext: initialization completed in 1585 ms
2026-06-17 22:49:30 [restartedMain] INFO  org.hibernate.orm.jpa - HHH008540: Processing PersistenceUnitInfo [name: default]
2026-06-17 22:49:30 [restartedMain] INFO  org.hibernate.orm.core - HHH000001: Hibernate ORM core version 7.2.12.Final
2026-06-17 22:49:30 [restartedMain] INFO  o.s.o.j.p.SpringPersistenceUnitInfo - No LoadTimeWeaver setup: ignoring JPA class transformer
2026-06-17 22:49:30 [restartedMain] INFO  com.zaxxer.hikari.HikariDataSource - HikariPool-1 - Starting...
2026-06-17 22:49:31 [restartedMain] INFO  com.zaxxer.hikari.pool.HikariPool - HikariPool-1 - Added connection com.mysql.cj.jdbc.ConnectionImpl@4151ed1
2026-06-17 22:49:31 [restartedMain] INFO  com.zaxxer.hikari.HikariDataSource - HikariPool-1 - Start completed.
2026-06-17 22:49:31 [restartedMain] WARN  org.hibernate.orm.deprecation - HHH90000025: MySQLDialect does not need to be specified explicitly using 'hibernate.dialect' (remove the property setting and it will be selected by default)
2026-06-17 22:49:31 [restartedMain] INFO  o.hibernate.orm.connections.pooling - HHH10001005: Database info:
	Database JDBC URL [jdbc:mysql://localhost:3306/db_analytics]
	Database driver: MySQL Connector/J
	Database dialect: MySQLDialect
	Database version: 8.0.46
	Default catalog/schema: db_analytics/undefined
	Autocommit mode: undefined/unknown
	Isolation level: REPEATABLE_READ [default REPEATABLE_READ]
	JDBC fetch size: none
	Pool: DataSourceConnectionProvider
	Minimum pool size: undefined/unknown
	Maximum pool size: undefined/unknown
2026-06-17 22:49:32 [restartedMain] INFO  org.hibernate.orm.core - HHH000489: No JTA platform available (set 'hibernate.transaction.jta.platform' to enable JTA platform integration)
2026-06-17 22:49:32 [restartedMain] INFO  o.s.o.j.LocalContainerEntityManagerFactoryBean - Initialized JPA EntityManagerFactory for persistence unit 'default'
2026-06-17 22:49:32 [restartedMain] INFO  o.s.d.j.r.q.QueryEnhancerFactories - Hibernate is in classpath; If applicable, HQL parser will be used.
2026-06-17 22:49:33 [restartedMain] WARN  o.s.b.j.a.JpaBaseConfiguration$JpaWebConfiguration - spring.jpa.open-in-view is enabled by default. Therefore, database queries may be performed during view rendering. Explicitly configure spring.jpa.open-in-view to disable this warning
2026-06-17 22:49:33 [restartedMain] INFO  o.a.coyote.http11.Http11NioProtocol - Starting ProtocolHandler ["http-nio-8086"]
2026-06-17 22:49:33 [restartedMain] INFO  o.s.boot.tomcat.TomcatWebServer - Tomcat started on port 8086 (http) with context path '/'
2026-06-17 22:49:33 [restartedMain] INFO  c.d.c.A.AnalyticsServiceApplication - Started AnalyticsServiceApplication in 5.791 seconds (process running for 6.37)
2026-06-17 23:05:15 [http-nio-8086-exec-2] INFO  o.a.c.c.C.[Tomcat].[localhost].[/] - Initializing Spring DispatcherServlet 'dispatcherServlet'
2026-06-17 23:05:15 [http-nio-8086-exec-2] INFO  o.s.web.servlet.DispatcherServlet - Initializing Servlet 'dispatcherServlet'
2026-06-17 23:05:15 [http-nio-8086-exec-2] INFO  o.s.web.servlet.DispatcherServlet - Completed initialization in 39 ms
2026-06-17 23:05:16 [http-nio-8086-exec-2] INFO  c.d.c.A.Service.AnalyticsService - Generando análisis financiero para userId: 1
2026-06-17 23:05:16 [http-nio-8086-exec-2] INFO  c.d.c.A.Service.AnalyticsService - Usuario id: 1 validado en user-service
2026-06-17 23:05:16 [http-nio-8086-exec-2] INFO  c.d.c.A.Service.AnalyticsService - Total ingresos para userId 1: 502500.0
2026-06-17 23:05:16 [http-nio-8086-exec-2] INFO  c.d.c.A.Service.AnalyticsService - Total gastos para userId 1: 150.5
2026-06-17 23:05:16 [http-nio-8086-exec-2] INFO  c.d.c.A.Service.AnalyticsService - Balance para userId 1: 502349.5 — Estado: POSITIVO
2026-06-17 23:05:16 [http-nio-8086-exec-2] INFO  c.d.c.A.Service.AnalyticsService - Análisis financiero guardado con id: 2 para userId: 1
