2026-06-17 22:52:01 [background-preinit] INFO  o.h.validator.internal.util.Version - HV000001: Hibernate Validator 9.0.1.Final
2026-06-17 22:52:01 [restartedMain] INFO  c.d.c.N.NotificationServiceApplication - Starting NotificationServiceApplication using Java 21.0.10 with PID 20708 (C:\Users\Safagod\Downloads\eee\Cash-In-master\Notification_Service\target\classes started by Safagod in C:\Users\Safagod\Downloads\eee\Cash-In-master\Notification_Service)
2026-06-17 22:52:01 [restartedMain] INFO  c.d.c.N.NotificationServiceApplication - No active profile set, falling back to 1 default profile: "default"
2026-06-17 22:52:02 [restartedMain] INFO  o.s.b.d.e.DevToolsPropertyDefaultsPostProcessor - Devtools property defaults active! Set 'spring.devtools.add-properties' to 'false' to disable
2026-06-17 22:52:02 [restartedMain] INFO  o.s.b.d.e.DevToolsPropertyDefaultsPostProcessor - For additional web related logging consider setting the 'logging.level.web' property to 'DEBUG'
2026-06-17 22:52:02 [restartedMain] INFO  o.s.d.r.c.RepositoryConfigurationDelegate - Bootstrapping Spring Data JPA repositories in DEFAULT mode.
2026-06-17 22:52:02 [restartedMain] INFO  o.s.d.r.c.RepositoryConfigurationDelegate - Finished Spring Data repository scanning in 138 ms. Found 1 JPA repository interface.
2026-06-17 22:52:03 [restartedMain] INFO  o.s.boot.tomcat.TomcatWebServer - Tomcat initialized with port 8088 (http)
2026-06-17 22:52:03 [restartedMain] INFO  o.a.coyote.http11.Http11NioProtocol - Initializing ProtocolHandler ["http-nio-8088"]
2026-06-17 22:52:03 [restartedMain] INFO  o.a.catalina.core.StandardService - Starting service [Tomcat]
2026-06-17 22:52:03 [restartedMain] INFO  o.a.catalina.core.StandardEngine - Starting Servlet engine: [Apache Tomcat/11.0.21]
2026-06-17 22:52:03 [restartedMain] INFO  o.s.b.w.c.s.WebApplicationContextInitializer - Root WebApplicationContext: initialization completed in 1640 ms
2026-06-17 22:52:03 [restartedMain] INFO  org.hibernate.orm.jpa - HHH008540: Processing PersistenceUnitInfo [name: default]
2026-06-17 22:52:03 [restartedMain] INFO  org.hibernate.orm.core - HHH000001: Hibernate ORM core version 7.2.12.Final
2026-06-17 22:52:04 [restartedMain] INFO  o.s.o.j.p.SpringPersistenceUnitInfo - No LoadTimeWeaver setup: ignoring JPA class transformer
2026-06-17 22:52:04 [restartedMain] INFO  com.zaxxer.hikari.HikariDataSource - HikariPool-1 - Starting...
2026-06-17 22:52:04 [restartedMain] INFO  com.zaxxer.hikari.pool.HikariPool - HikariPool-1 - Added connection com.mysql.cj.jdbc.ConnectionImpl@3f4e7025
2026-06-17 22:52:04 [restartedMain] INFO  com.zaxxer.hikari.HikariDataSource - HikariPool-1 - Start completed.
2026-06-17 22:52:04 [restartedMain] WARN  org.hibernate.orm.deprecation - HHH90000025: MySQLDialect does not need to be specified explicitly using 'hibernate.dialect' (remove the property setting and it will be selected by default)
2026-06-17 22:52:04 [restartedMain] INFO  o.hibernate.orm.connections.pooling - HHH10001005: Database info:
	Database JDBC URL [jdbc:mysql://localhost:3306/db_notifications]
	Database driver: MySQL Connector/J
	Database dialect: MySQLDialect
	Database version: 8.0.46
	Default catalog/schema: db_notifications/undefined
	Autocommit mode: undefined/unknown
	Isolation level: REPEATABLE_READ [default REPEATABLE_READ]
	JDBC fetch size: none
	Pool: DataSourceConnectionProvider
	Minimum pool size: undefined/unknown
	Maximum pool size: undefined/unknown
2026-06-17 22:52:05 [restartedMain] INFO  org.hibernate.orm.core - HHH000489: No JTA platform available (set 'hibernate.transaction.jta.platform' to enable JTA platform integration)
2026-06-17 22:52:05 [restartedMain] INFO  o.s.o.j.LocalContainerEntityManagerFactoryBean - Initialized JPA EntityManagerFactory for persistence unit 'default'
2026-06-17 22:52:05 [restartedMain] INFO  o.s.d.j.r.q.QueryEnhancerFactories - Hibernate is in classpath; If applicable, HQL parser will be used.
2026-06-17 22:52:06 [restartedMain] WARN  o.s.b.j.a.JpaBaseConfiguration$JpaWebConfiguration - spring.jpa.open-in-view is enabled by default. Therefore, database queries may be performed during view rendering. Explicitly configure spring.jpa.open-in-view to disable this warning
2026-06-17 22:52:06 [restartedMain] INFO  o.a.coyote.http11.Http11NioProtocol - Starting ProtocolHandler ["http-nio-8088"]
2026-06-17 22:52:07 [restartedMain] INFO  o.s.boot.tomcat.TomcatWebServer - Tomcat started on port 8088 (http) with context path '/'
2026-06-17 22:52:07 [restartedMain] INFO  c.d.c.N.NotificationServiceApplication - Started NotificationServiceApplication in 5.545 seconds (process running for 6.083)
2026-06-17 23:04:40 [http-nio-8088-exec-1] INFO  o.a.c.c.C.[Tomcat].[localhost].[/] - Initializing Spring DispatcherServlet 'dispatcherServlet'
2026-06-17 23:04:40 [http-nio-8088-exec-1] INFO  o.s.web.servlet.DispatcherServlet - Initializing Servlet 'dispatcherServlet'
2026-06-17 23:04:40 [http-nio-8088-exec-1] INFO  o.s.web.servlet.DispatcherServlet - Completed initialization in 4 ms
2026-06-17 23:04:40 [http-nio-8088-exec-1] WARN  c.d.c.N.E.GlobalExceptionHandler - Error de validación: [Field error in object 'notificationRequest' on field 'tipo': rejected value [ALERTA]; codes [Pattern.notificationRequest.tipo,Pattern.tipo,Pattern.java.lang.String,Pattern]; arguments [org.springframework.context.support.DefaultMessageSourceResolvable: codes [notificationRequest.tipo,tipo]; arguments []; default message [tipo],[Ljakarta.validation.constraints.Pattern$Flag;@7f824596,^(BIENVENIDA|ALERTA_PRESUPUESTO|RESUMEN_MENSUAL|INGRESO_REGISTRADO|GASTO_REGISTRADO)$]; default message [EL TIPO DEBE SER BIENVENIDA, ALERTA_PRESUPUESTO, RESUMEN_MENSUAL, INGRESO_REGISTRADO O GASTO_REGISTRADO]]
2026-06-17 23:04:40 [http-nio-8088-exec-1] WARN  o.s.w.s.m.m.a.ExceptionHandlerExceptionResolver - Resolved [org.springframework.web.bind.MethodArgumentNotValidException: Validation failed for argument [1] in public org.springframework.http.ResponseEntity<cl.duoc.cashin.NotificationService.dto.Response.NotificationResponse> cl.duoc.cashin.NotificationService.Controller.NotificationController.crear(java.lang.String,cl.duoc.cashin.NotificationService.dto.Request.NotificationRequest): [Field error in object 'notificationRequest' on field 'tipo': rejected value [ALERTA]; codes [Pattern.notificationRequest.tipo,Pattern.tipo,Pattern.java.lang.String,Pattern]; arguments [org.springframework.context.support.DefaultMessageSourceResolvable: codes [notificationRequest.tipo,tipo]; arguments []; default message [tipo],[Ljakarta.validation.constraints.Pattern$Flag;@7f824596,^(BIENVENIDA|ALERTA_PRESUPUESTO|RESUMEN_MENSUAL|INGRESO_REGISTRADO|GASTO_REGISTRADO)$]; default message [EL TIPO DEBE SER BIENVENIDA, ALERTA_PRESUPUESTO, RESUMEN_MENSUAL, INGRESO_REGISTRADO O GASTO_REGISTRADO]] ]
2026-06-17 23:04:57 [http-nio-8088-exec-4] INFO  c.d.c.N.Service.NotificationService - Creando notificacion tipo: ALERTA_PRESUPUESTO canal: EMAIL para userId: 1
2026-06-17 23:04:58 [http-nio-8088-exec-4] INFO  c.d.c.N.Service.NotificationService - Usuario id: 1 (Juan null) validado en user-service
2026-06-17 23:04:58 [http-nio-8088-exec-4] INFO  c.d.c.N.Service.NotificationService - Notificacion creada con id: 2 — tipo: ALERTA_PRESUPUESTO para userId: 1
